[pointclock.online/index.html]
[backblue.gif]
[fade.gif]
[index.html]
[pointclock.online/wp-includes/css/dist/block-library/style.min40df.css]
[pointclock.online/wp-includes/css/dist/block-library/theme.min40df.css]
[pointclock.online/wp-content/plugins/elementor/assets/lib/eicons/css/elementor-icons.min74e5.css]
[pointclock.online/indexa6da.html]
[pointclock.online/wp-content/plugins/elementor/assets/lib/animations/animations.min952b.css]
[pointclock.online/wp-content/plugins/elementor/assets/css/frontend-legacy.min952b.css]
[pointclock.online/wp-content/plugins/elementor/assets/css/frontend.min952b.css]
[pointclock.online/wp-content/uploads/elementor/css/post-19a943.css]
[pointclock.online/wp-content/uploads/elementor/css/post-5922ec.css]
[pointclock.online/wp-content/plugins/elementor/assets/lib/font-awesome/css/fontawesome.minb683.css]
[pointclock.online/wp-content/plugins/elementor/assets/lib/font-awesome/css/regular.minb683.css]
[pointclock.online/wp-content/plugins/elementor/assets/lib/font-awesome/css/solid.minb683.css]
[pointclock.online/wp-content/plugins/elementor/assets/lib/font-awesome/css/brands.minb683.css]
[pointclock.online/wp-includes/js/jquery/jquery.min9d52.js]
[pointclock.online/wp-includes/js/jquery/jquery-migrate.mind617.js]
[pointclock.online/wp-content/themes/jupiterx-lite/lib/assets/dist/js/utils.min782e.js]
[pointclock.online/index52f0.json]
[pointclock.online/index99bf.json]
[pointclock.online/xmlrpc0db0.php]
[pointclock.online/wp-includes/wlwmanifest.xml]
[pointclock.online/index4a38.json]
[pointclock.online/index0efc.php]
[pointclock.online/wp-content/uploads/2021/01/cropped-POINT_Logo_ETs-removebg-preview-removebg-preview-32x32.png]
[pointclock.online/wp-content/uploads/2021/01/cropped-POINT_Logo_ETs-removebg-preview-removebg-preview-192x192.png]
[pointclock.online/wp-content/uploads/2021/01/cropped-POINT_Logo_ETs-removebg-preview-removebg-preview-180x180.png]
[pointclock.online/wp-content/uploads/elementor/thumbs/POINT_Logo_ETs-removebg-preview-removebg-preview-p1oazqmv83nmh1sivs3v4lol1x2p2xrx683xtp261o.png]
[pointclock.online/wp-content/uploads/2021/01/Public-Race-1.png]
[pointclock.online/wp-content/uploads/2021/01/landing_board_point-removebg-preview.png]
[pointclock.online/wp-content/uploads/2021/01/result2-768x494.png]
[pointclock.online/wp-content/uploads/2021/01/ets-point-768x768.png]
[pointclock.online/wp-content/themes/jupiterx-lite/lib/assets/dist/js/frontend.min782e.js]
[pointclock.online/wp-includes/js/wp-embed.min40df.js]
[pointclock.online/wp-content/plugins/elementor/assets/js/frontend-modules.min952b.js]
[pointclock.online/wp-includes/js/jquery/ui/core.min35d0.js]
[pointclock.online/wp-content/plugins/elementor/assets/lib/dialog/dialog.mina288.js]
[pointclock.online/wp-content/plugins/elementor/assets/lib/waypoints/waypoints.min05da.js]
[pointclock.online/wp-content/plugins/elementor/assets/lib/swiper/swiper.min48f5.js]
[pointclock.online/wp-content/plugins/elementor/assets/lib/share-link/share-link.min952b.js]
[pointclock.online/wp-content/plugins/elementor/assets/js/frontend.min952b.js]
[pointclock.online/wp-includes/js/wp-util.min40df.js]
[pointclock.online/wp-content/plugins/wpforms-lite/assets/js/integrations/elementor/frontend.min7aab.js]
[pointclock.online/index.html]
[pointclock.online/wp-includes/css/dist/block-library/style.min40df.css]
[pointclock.online/wp-includes/css/dist/block-library/theme.min40df.css]
[pointclock.online/wp-content/plugins/elementor/assets/lib/eicons/fonts/eiconsc2cd.eot]
[pointclock.online/wp-content/plugins/elementor/assets/lib/eicons/fonts/eiconsc2cd.woff2]
[pointclock.online/wp-content/plugins/elementor/assets/lib/eicons/fonts/eiconsc2cd.ttf]
[pointclock.online/wp-content/plugins/elementor/assets/lib/eicons/fonts/eiconsc2cd.svg]
[pointclock.online/wp-content/plugins/elementor/assets/lib/eicons/css/elementor-icons.min74e5.css]
[pointclock.online/wp-content/plugins/elementor/assets/lib/animations/animations.min952b.css]
[pointclock.online/wp-content/plugins/elementor/assets/css/frontend-legacy.min952b.css]
[pointclock.online/wp-content/plugins/elementor/assets/css/frontend.min952b.css]
[pointclock.online/wp-content/uploads/elementor/css/post-19a943.css]
[pointclock.online/wp-content/uploads/2021/01/ETS.png]
[pointclock.online/wp-content/uploads/2021/01/result2.png]
[pointclock.online/wp-content/uploads/2021/01/ets-point.png]
[pointclock.online/wp-content/uploads/elementor/css/post-5922ec.css]
[pointclock.online/wp-content/plugins/elementor/assets/lib/font-awesome/css/fontawesome.minb683.css]
[pointclock.online/wp-content/plugins/elementor/assets/lib/font-awesome/webfonts/fa-regular-400.eot]
[pointclock.online/wp-content/plugins/elementor/assets/lib/font-awesome/webfonts/fa-regular-400.woff2]
[pointclock.online/wp-content/plugins/elementor/assets/lib/font-awesome/webfonts/fa-regular-400d41d.eot]
[pointclock.online/wp-content/plugins/elementor/assets/lib/font-awesome/webfonts/fa-regular-400.woff]
[pointclock.online/wp-content/plugins/elementor/assets/lib/font-awesome/webfonts/fa-regular-400.ttf]
[pointclock.online/wp-content/plugins/elementor/assets/lib/font-awesome/css/regular.minb683.css]
[pointclock.online/wp-content/plugins/elementor/assets/lib/font-awesome/webfonts/fa-solid-900.eot]
[pointclock.online/wp-content/plugins/elementor/assets/lib/font-awesome/webfonts/fa-solid-900.woff2]
[pointclock.online/wp-content/plugins/elementor/assets/lib/font-awesome/webfonts/fa-solid-900d41d.eot]
[pointclock.online/wp-content/plugins/elementor/assets/lib/font-awesome/webfonts/fa-solid-900.ttf]
[pointclock.online/wp-content/plugins/elementor/assets/lib/font-awesome/webfonts/fa-solid-900.svg]
[pointclock.online/wp-content/plugins/elementor/assets/lib/font-awesome/css/solid.minb683.css]
[pointclock.online/wp-content/plugins/elementor/assets/lib/font-awesome/webfonts/fa-brands-400.eot]
[pointclock.online/wp-content/plugins/elementor/assets/lib/font-awesome/webfonts/fa-brands-400.woff2]
[pointclock.online/wp-content/plugins/elementor/assets/lib/font-awesome/webfonts/fa-brands-400d41d.eot]
[pointclock.online/wp-content/plugins/elementor/assets/lib/font-awesome/webfonts/fa-brands-400.ttf]
[pointclock.online/wp-content/plugins/elementor/assets/lib/font-awesome/webfonts/fa-brands-400.svg]
[pointclock.online/wp-content/plugins/elementor/assets/lib/font-awesome/css/brands.minb683.css]
[pointclock.online/wp-includes/js/jquery/jquery.min9d52.js]
[pointclock.online/wp-includes/js/jquery/jquery-migrate.mind617.js]
[pointclock.online/wp-content/themes/jupiterx-lite/lib/assets/dist/js/utils.min782e.js]
[pointclock.online/wp-content/uploads/2021/01/OLR.png]
[pointclock.online/wp-content/uploads/2021/01/ets-point-1024x1024.png]
[pointclock.online/wp-content/uploads/2021/01/result-lomba-768x494.png]
[pointclock.online/wp-includes/js/underscore.min4511.js]
[pointclock.online/a(e.target]
[pointclock.online/wp-content/themes/jupiterx-lite/lib/assets/dist/js/frontend.min782e.js]
[pointclock.online/wp-includes/js/wp-embed.min40df.js]
[pointclock.online/wp-content/plugins/elementor/assets/js/frontend-modules.min952b.js]
[pointclock.online/wp-includes/js/jquery/ui/core.min35d0.js]
[pointclock.online/wp-content/plugins/elementor/assets/lib/dialog/dialog.mina288.js]
[pointclock.online/wp-content/plugins/elementor/assets/lib/waypoints/waypoints.min05da.js]
[pointclock.online/wp-content/plugins/elementor/assets/lib/swiper/swiper.min48f5.js]
[pointclock.online/Trident/index.html]
[pointclock.online/wp-content/plugins/elementor/assets/lib/share-link/share-link.min952b.js]
[pointclock.online/Edge/index.html]
[pointclock.online/Gecko/index.html]
[pointclock.online/wp-content/plugins/elementor/assets/js/frontend.min952b.js]
[pointclock.online/Firefox/index.html]
[pointclock.online/wp-includes/js/wp-util.min40df.js]
[pointclock.online/Version/index.html]
[pointclock.online/wp-content/plugins/wpforms-lite/assets/js/integrations/elementor/frontend.min7aab.js]
[pointclock.online/wp-content/uploads/jupiterx/compiler/jupiterx/e84915c782e.css]
[pointclock.online/wp-content/plugins/elementor/assets/lib/eicons/fonts/eiconsc2cd.svg]
[pointclock.online/wp-content/plugins/elementor/assets/lib/eicons/fonts/eiconsc2cd.woff]
[pointclock.online/wp-content/plugins/elementor/assets/lib/font-awesome/webfonts/fa-regular-400.svg]
[pointclock.online/wp-content/plugins/elementor/assets/lib/font-awesome/webfonts/fa-solid-900.woff]
[pointclock.online/wp-content/plugins/elementor/assets/lib/font-awesome/webfonts/fa-solid-900.svg]
[pointclock.online/wp-content/plugins/elementor/assets/lib/font-awesome/webfonts/fa-brands-400.svg]
[pointclock.online/wp-content/plugins/elementor/assets/lib/font-awesome/webfonts/fa-brands-400.woff]
[pointclock.online/wp-includes/js/underscore.min4511.js]
[pointclock.online/a(e.html]
[pointclock.online/Trident/index.html]
[pointclock.online/Edge/index.html]
[pointclock.online/Gecko/index.html]
[pointclock.online/Firefox/index.html]
[pointclock.online/Version/index.html]
[pointclock.online/version/index-2.html]
[pointclock.online/wp-content/themes/jupiterx-lite/lib/assets/fonts/jupiterx.eot]
[pointclock.online/wp-content/themes/jupiterx-lite/lib/assets/fonts/jupiterx.woff2]
[pointclock.online/wp-content/themes/jupiterx-lite/lib/assets/fonts/jupiterx.woff]
[pointclock.online/wp-content/themes/jupiterx-lite/lib/assets/fonts/jupiterxd41d.eot]
[pointclock.online/wp-content/themes/jupiterx-lite/lib/assets/fonts/jupiterx.ttf]
[pointclock.online/wp-content/uploads/jupiterx/compiler/jupiterx/e84915c782e.css]
[pointclock.online/wp-content/plugins/elementor/assets/lib/font-awesome/webfonts/fa-regular-400.svg]
[pointclock.online/version/index-2.html]
[pointclock.online/wp-content/themes/jupiterx-lite/lib/assets/fonts/jupiterx.svg]
[pointclock.online/wp-content/themes/jupiterx-lite/lib/assets/fonts/jupiterx.svg]
